{
  _type: 'element',
  tags: null,
  links: null,
  viewOf: 'nautilus.dataEngine',
  _stage: 'layouted',
  sourcePath: 'nautilus.c4',
  description: null,
  title: 'DataEngine',
  id: 'dataEngine',
  autoLayout: {
    direction: 'TB',
  },
  hash: 't3pRWWj6ltGk_ozs48XMML-WDbKwBNKaHL2TY_hmeJE',
  bounds: {
    x: -71,
    y: -84,
    width: 874,
    height: 645,
  },
  nodes: [
    {
      id: 'nautilus.dataEngine',
      parent: null,
      level: 0,
      children: [
        'nautilus.dataEngine.executeEndpoint',
        'nautilus.dataEngine.commandHandlers',
        'nautilus.dataEngine.queueExecuteEndpoint',
      ],
      inEdges: [],
      outEdges: [],
      title: 'DataEngine',
      modelRef: 'nautilus.dataEngine',
      shape: 'rectangle',
      color: 'primary',
      style: {
        opacity: 15,
        size: 'md',
      },
      description: {
        txt: 'Processes and routes market data throughout the system',
      },
      tags: [],
      kind: 'component',
      depth: 1,
      x: -51,
      y: -64,
      width: 834,
      height: 605,
      labelBBox: {
        x: 6,
        y: 0,
        width: 77,
        height: 15,
      },
      navigateTo: null,
      links: null,
    },
    {
      id: 'nautilus.dataEngine.executeEndpoint',
      parent: 'nautilus.dataEngine',
      level: 1,
      children: [],
      inEdges: [],
      outEdges: [
        'jifcsa',
      ],
      title: 'DataEngine.execute',
      modelRef: 'nautilus.dataEngine.executeEndpoint',
      shape: 'rectangle',
      color: 'primary',
      style: {
        opacity: 15,
        size: 'md',
      },
      tags: [],
      kind: 'component',
      x: -9,
      y: -4,
      width: 320,
      height: 180,
      labelBBox: {
        x: 68,
        y: 76,
        width: 184,
        height: 24,
      },
      navigateTo: null,
      links: null,
    },
    {
      id: 'nautilus.dataEngine.commandHandlers',
      parent: 'nautilus.dataEngine',
      level: 1,
      children: [],
      inEdges: [
        'jifcsa',
      ],
      outEdges: [],
      title: 'Command handlers',
      modelRef: 'nautilus.dataEngine.commandHandlers',
      shape: 'rectangle',
      color: 'primary',
      style: {
        opacity: 15,
        size: 'md',
      },
      tags: [],
      kind: 'component',
      x: -9,
      y: 319,
      width: 320,
      height: 180,
      labelBBox: {
        x: 71,
        y: 76,
        width: 179,
        height: 24,
      },
      navigateTo: null,
      links: null,
    },
    {
      id: 'nautilus.dataEngine.queueExecuteEndpoint',
      parent: 'nautilus.dataEngine',
      level: 1,
      children: [],
      inEdges: [],
      outEdges: [],
      title: 'DataEngine.queue_execute',
      modelRef: 'nautilus.dataEngine.queueExecuteEndpoint',
      shape: 'rectangle',
      color: 'primary',
      style: {
        opacity: 15,
        size: 'md',
      },
      tags: [],
      kind: 'component',
      x: 421,
      y: -4,
      width: 320,
      height: 180,
      labelBBox: {
        x: 35,
        y: 76,
        width: 251,
        height: 24,
      },
      navigateTo: null,
      links: null,
    },
  ],
  edges: [
    {
      id: 'jifcsa',
      parent: 'nautilus.dataEngine',
      source: 'nautilus.dataEngine.executeEndpoint',
      target: 'nautilus.dataEngine.commandHandlers',
      label: 'delegates DataCommand by type',
      relations: [
        'wl1u1z',
      ],
      color: 'gray',
      line: 'dashed',
      head: 'normal',
      points: [
        [
          151,
          176,
        ],
        [
          151,
          217,
        ],
        [
          151,
          266,
        ],
        [
          151,
          309,
        ],
      ],
      labelBBox: {
        x: 152,
        y: 237,
        width: 212,
        height: 18,
      },
      isLabelCustomized: false,
      controlPoints: [
        {
          x: 151,
          y: 241,
        },
      ],
      navigateTo: null,
      tags: null,
    },
  ],
  _layout: 'manual',
}
