{
  _type: 'element',
  tags: null,
  links: null,
  viewOf: 'nautilus',
  _stage: 'layouted',
  sourcePath: 'nautilus.c4',
  description: null,
  title: 'NautilusTrader - DataCommand to DataEngine',
  id: 'index',
  autoLayout: {
    direction: 'TB',
  },
  hash: 'IORE4unyjzdIng0djm6MQKxouf0RYsoXi4zEuER3uqU',
  bounds: {
    x: -306,
    y: -204,
    width: 830,
    height: 609,
  },
  nodes: [
    {
      id: 'nautilus.actor',
      parent: null,
      level: 0,
      children: [],
      inEdges: [],
      outEdges: [
        '4fjxlp',
      ],
      title: 'Actor / Strategy',
      modelRef: 'nautilus.actor',
      shape: 'rectangle',
      color: 'primary',
      style: {
        opacity: 15,
        size: 'md',
      },
      tags: [],
      kind: 'component',
      x: -286,
      y: -184,
      width: 320,
      height: 180,
      labelBBox: {
        x: 89,
        y: 76,
        width: 142,
        height: 24,
      },
      navigateTo: null,
      links: null,
    },
    {
      id: 'nautilus.dataCommandSender',
      parent: null,
      level: 0,
      children: [],
      inEdges: [
        '4fjxlp',
      ],
      outEdges: [
        '1f3day0',
      ],
      title: 'DataCommandSender / Runner',
      modelRef: 'nautilus.dataCommandSender',
      shape: 'rectangle',
      color: 'primary',
      style: {
        opacity: 15,
        size: 'md',
      },
      tags: [],
      kind: 'component',
      x: -90,
      y: 205,
      width: 320,
      height: 180,
      labelBBox: {
        x: 18,
        y: 76,
        width: 285,
        height: 24,
      },
      navigateTo: null,
      links: null,
    },
    {
      id: 'nautilus.dataEngine',
      parent: null,
      level: 0,
      children: [],
      inEdges: [
        '1f3day0',
      ],
      outEdges: [],
      title: 'DataEngine',
      modelRef: 'nautilus.dataEngine',
      shape: 'rectangle',
      color: 'primary',
      style: {
        opacity: 15,
        size: 'md',
      },
      description: {
        txt: 'Processes and routes market data throughout the system',
      },
      tags: [],
      kind: 'component',
      x: 160,
      y: -180,
      width: 344,
      height: 180,
      labelBBox: {
        x: 18,
        y: 56,
        width: 308,
        height: 65,
      },
      navigateTo: 'dataEngine',
      links: null,
    },
  ],
  edges: [
    {
      id: '4fjxlp',
      parent: null,
      source: 'nautilus.actor',
      target: 'nautilus.dataCommandSender',
      label: 'sends DataCommand to \nDataEngine.queue_execute',
      relations: [
        '1ct9y7j',
      ],
      color: 'gray',
      line: 'dashed',
      head: 'normal',
      points: [
        [
          172,
          180,
        ],
        [
          172,
          226,
        ],
        [
          172,
          282,
        ],
        [
          172,
          329,
        ],
      ],
      labelBBox: {
        x: -36,
        y: 83,
        width: 177,
        height: 35,
      },
      isLabelCustomized: false,
      controlPoints: [
        {
          x: -36,
          y: 83,
        },
        {
          x: -23,
          y: 108,
        },
      ],
      navigateTo: null,
      tags: null,
    },
    {
      id: '1f3day0',
      parent: null,
      source: 'nautilus.dataCommandSender',
      target: 'nautilus.dataEngine',
      label: 'dispatches DataCommand to \nDataEngine.execute',
      relations: [
        '1k0hyyl',
      ],
      color: 'gray',
      line: 'dashed',
      head: 'normal',
      points: [
        [
          174,
          284,
        ],
        [
          175,
          256,
        ],
      ],
      labelBBox: {
        x: 178,
        y: 110,
        width: 185,
        height: 34,
      },
      controlPoints: [
        {
          x: 178,
          y: 110,
        },
        {
          x: 202,
          y: 74,
        },
      ],
      isLabelCustomized: false,
      navigateTo: null,
      tags: null,
    },
  ],
  _layout: 'manual',
}
